TimeLogEntry {tlTime = 2020-01-02 01:23:45.6789 UTC, tlRate = 60000, tlData = CaptureData {cWindows = [WindowData {wActive = False, wHidden = True, wTitle = "title1", wProgram = "p1", wDesktop = ""},WindowData {wActive = False, wHidden = True, wTitle = "title2", wProgram = "p2", wDesktop = ""},WindowData {wActive = False, wHidden = True, wTitle = "title3", wProgram = "p3", wDesktop = ""},WindowData {wActive = True, wHidden = False, wTitle = "title4", wProgram = "p4", wDesktop = ""},WindowData {wActive = False, wHidden = True, wTitle = "title5", wProgram = "p5", wDesktop = ""},WindowData {wActive = False, wHidden = True, wTitle = "long long long long long long long long long long long long long long long long long long long long long long long long long long long long long long long long long long long long long long long long long long long long long long long long long long long long long long long long long long long long long long long long long long long long long long long long long long long long long long long long title6", wProgram = "p6", wDesktop = ""}], cLastActivity = 2345, cDesktop = ""}}
TimeLogEntry {tlTime = 2020-01-02 01:24:45.6789 UTC, tlRate = 60000, tlData = CaptureData {cWindows = [WindowData {wActive = False, wHidden = True, wTitle = "title1", wProgram = "p1", wDesktop = ""},WindowData {wActive = False, wHidden = True, wTitle = "title2", wProgram = "p2", wDesktop = ""},WindowData {wActive = False, wHidden = True, wTitle = "title3", wProgram = "p3", wDesktop = ""},WindowData {wActive = True, wHidden = False, wTitle = "title4", wProgram = "p4", wDesktop = ""},WindowData {wActive = False, wHidden = True, wTitle = "title5", wProgram = "p5", wDesktop = ""},WindowData {wActive = False, wHidden = True, wTitle = "long long long long long long long long long long long long long long long long long long long long long long long long long long long long long long long long long long long long long long long long long long long long long long long long long long long long long long long long long long long long long long long long long long long long long long long long long long long long long long long long title6", wProgram = "p6", wDesktop = ""}], cLastActivity = 2345, cDesktop = ""}}
TimeLogEntry {tlTime = 2020-01-02 01:23:45.6789 UTC, tlRate = 60000, tlData = CaptureData {cWindows = [WindowData {wActive = False, wHidden = True, wTitle = "title1", wProgram = "p1", wDesktop = ""},WindowData {wActive = False, wHidden = True, wTitle = "title2", wProgram = "p2", wDesktop = ""},WindowData {wActive = False, wHidden = True, wTitle = "title3", wProgram = "p3", wDesktop = ""},WindowData {wActive = True, wHidden = False, wTitle = "title4", wProgram = "p4", wDesktop = ""},WindowData {wActive = False, wHidden = True, wTitle = "title5", wProgram = "p5", wDesktop = ""},WindowData {wActive = False, wHidden = True, wTitle = "long long long long long long long long long long long long long long long long long long long long long long long long long long long long long long long long long long long long long long long long long long long long long long long long long long long long long long long long long long long long long long long long long long long long long long long long long long long long long long long long title6", wProgram = "p6", wDesktop = ""}], cLastActivity = 2345, cDesktop = ""}}
TimeLogEntry {tlTime = 2020-01-02 01:24:45.6789 UTC, tlRate = 60000, tlData = CaptureData {cWindows = [WindowData {wActive = False, wHidden = True, wTitle = "title1", wProgram = "p1", wDesktop = ""},WindowData {wActive = False, wHidden = True, wTitle = "title2", wProgram = "p2", wDesktop = ""},WindowData {wActive = False, wHidden = True, wTitle = "title3", wProgram = "p3", wDesktop = ""},WindowData {wActive = True, wHidden = False, wTitle = "title4", wProgram = "p4", wDesktop = ""},WindowData {wActive = False, wHidden = True, wTitle = "title5", wProgram = "p5", wDesktop = ""},WindowData {wActive = False, wHidden = True, wTitle = "long long long long long long long long long long long long long long long long long long long long long long long long long long long long long long long long long long long long long long long long long long long long long long long long long long long long long long long long long long long long long long long long long long long long long long long long long long long long long long long long title6", wProgram = "p6", wDesktop = ""}], cLastActivity = 2345, cDesktop = ""}}
TimeLogEntry {tlTime = 2020-01-02 01:23:45.6789 UTC, tlRate = 60000, tlData = CaptureData {cWindows = [WindowData {wActive = False, wHidden = True, wTitle = "title1", wProgram = "p1", wDesktop = ""},WindowData {wActive = False, wHidden = True, wTitle = "title2", wProgram = "p2", wDesktop = ""},WindowData {wActive = False, wHidden = True, wTitle = "title3", wProgram = "p3", wDesktop = ""},WindowData {wActive = True, wHidden = False, wTitle = "title4", wProgram = "p4", wDesktop = ""},WindowData {wActive = False, wHidden = True, wTitle = "title5", wProgram = "p5", wDesktop = ""},WindowData {wActive = False, wHidden = True, wTitle = "long long long long long long long long long long long long long long long long long long long long long long long long long long long long long long long long long long long long long long long long long long long long long long long long long long long long long long long long long long long long long long long long long long long long long long long long long long long long long long long long title6", wProgram = "p6", wDesktop = ""}], cLastActivity = 2345, cDesktop = "2"}}
TimeLogEntry {tlTime = 2020-01-02 01:24:45.6789 UTC, tlRate = 60000, tlData = CaptureData {cWindows = [WindowData {wActive = False, wHidden = True, wTitle = "title1", wProgram = "p1", wDesktop = ""},WindowData {wActive = False, wHidden = True, wTitle = "title2", wProgram = "p2", wDesktop = ""},WindowData {wActive = False, wHidden = True, wTitle = "title3", wProgram = "p3", wDesktop = ""},WindowData {wActive = True, wHidden = False, wTitle = "title4", wProgram = "p4", wDesktop = ""},WindowData {wActive = False, wHidden = True, wTitle = "title5", wProgram = "p5", wDesktop = ""},WindowData {wActive = False, wHidden = True, wTitle = "long long long long long long long long long long long long long long long long long long long long long long long long long long long long long long long long long long long long long long long long long long long long long long long long long long long long long long long long long long long long long long long long long long long long long long long long long long long long long long long long title6", wProgram = "p6", wDesktop = ""}], cLastActivity = 2345, cDesktop = "2"}}
TimeLogEntry {tlTime = 2020-01-02 01:23:45.6789 UTC, tlRate = 60000, tlData = CaptureData {cWindows = [WindowData {wActive = False, wHidden = True, wTitle = "title1", wProgram = "p1", wDesktop = "1"},WindowData {wActive = False, wHidden = True, wTitle = "title2", wProgram = "p2", wDesktop = "1"},WindowData {wActive = False, wHidden = False, wTitle = "title3", wProgram = "p3", wDesktop = "2"},WindowData {wActive = True, wHidden = False, wTitle = "title4", wProgram = "p4", wDesktop = "2"},WindowData {wActive = False, wHidden = False, wTitle = "title5", wProgram = "p5", wDesktop = "3"},WindowData {wActive = False, wHidden = False, wTitle = "long long long long long long long long long long long long long long long long long long long long long long long long long long long long long long long long long long long long long long long long long long long long long long long long long long long long long long long long long long long long long long long long long long long long long long long long long long long long long long long long title6", wProgram = "p6", wDesktop = "3"}], cLastActivity = 2345, cDesktop = "2"}}
TimeLogEntry {tlTime = 2020-01-02 01:24:45.6789 UTC, tlRate = 60000, tlData = CaptureData {cWindows = [WindowData {wActive = False, wHidden = True, wTitle = "title1", wProgram = "p1", wDesktop = "1"},WindowData {wActive = False, wHidden = True, wTitle = "title2", wProgram = "p2", wDesktop = "1"},WindowData {wActive = False, wHidden = False, wTitle = "title3", wProgram = "p3", wDesktop = "2"},WindowData {wActive = True, wHidden = False, wTitle = "title4", wProgram = "p4", wDesktop = "2"},WindowData {wActive = False, wHidden = False, wTitle = "title5", wProgram = "p5", wDesktop = "3"},WindowData {wActive = False, wHidden = False, wTitle = "long long long long long long long long long long long long long long long long long long long long long long long long long long long long long long long long long long long long long long long long long long long long long long long long long long long long long long long long long long long long long long long long long long long long long long long long long long long long long long long long title6", wProgram = "p6", wDesktop = "3"}], cLastActivity = 2345, cDesktop = "2"}}
TimeLogEntry {tlTime = 2020-01-02 01:23:45.6789 UTC, tlRate = 60000, tlData = CaptureData {cWindows = [WindowData {wActive = False, wHidden = True, wTitle = "title1", wProgram = "p1", wDesktop = "1"},WindowData {wActive = False, wHidden = True, wTitle = "title2", wProgram = "p2", wDesktop = "1"},WindowData {wActive = False, wHidden = False, wTitle = "title3", wProgram = "p3", wDesktop = "2"},WindowData {wActive = True, wHidden = False, wTitle = "title4", wProgram = "p4", wDesktop = "2"},WindowData {wActive = False, wHidden = False, wTitle = "title5", wProgram = "p5", wDesktop = "3"},WindowData {wActive = False, wHidden = False, wTitle = "long long long long long long long long long long long long long long long long long long long long long long long long long long long long long long long long long long long long long long long long long long long long long long long long long long long long long long long long long long long long long long long long long long long long long long long long long long long long long long long long title6", wProgram = "p6", wDesktop = "3"}], cLastActivity = 2345, cDesktop = "2"}}
TimeLogEntry {tlTime = 2020-01-02 01:24:45.6789 UTC, tlRate = 60000, tlData = CaptureData {cWindows = [WindowData {wActive = False, wHidden = True, wTitle = "title1", wProgram = "p1", wDesktop = "1"},WindowData {wActive = False, wHidden = True, wTitle = "title2", wProgram = "p2", wDesktop = "1"},WindowData {wActive = False, wHidden = False, wTitle = "title3", wProgram = "p3", wDesktop = "2"},WindowData {wActive = True, wHidden = False, wTitle = "title4", wProgram = "p4", wDesktop = "2"},WindowData {wActive = False, wHidden = False, wTitle = "title5", wProgram = "p5", wDesktop = "3"},WindowData {wActive = False, wHidden = False, wTitle = "long long long long long long long long long long long long long long long long long long long long long long long long long long long long long long long long long long long long long long long long long long long long long long long long long long long long long long long long long long long long long long long long long long long long long long long long long long long long long long long long title6", wProgram = "p6", wDesktop = "3"}], cLastActivity = 2345, cDesktop = "2"}}
