TimeLogEntry {tlTime = 2010-03-20 13:59:15.075576 UTC, tlRate = 60000, tlData = CaptureData {cWindows = [WindowData {wActive = False, wHidden = False, wTitle = "stats-main.hs (~/darcs/arbtt/src) - GVIM", wProgram = "gvim", wDesktop = ""},WindowData {wActive = False, wHidden = False, wTitle = "`ghci' mrtrac@curie:~ ", wProgram = "urxvt", wDesktop = ""},WindowData {wActive = False, wHidden = False, wTitle = "`irssi' mrtrac@curie:~ ", wProgram = "urxvt", wDesktop = ""},WindowData {wActive = True, wHidden = False, wTitle = "mrtrac@curie:~/darcs/arbtt ", wProgram = "urxvt", wDesktop = ""},WindowData {wActive = False, wHidden = False, wTitle = "`mutt' mrtrac@curie:~ ", wProgram = "urxvt", wDesktop = ""},WindowData {wActive = False, wHidden = False, wTitle = "HackageDB: network-bytestring-0.1.2.1 - Vimperator", wProgram = "Navigator", wDesktop = ""}], cLastActivity = 2909, cDesktop = ""}}
TimeLogEntry {tlTime = 2010-03-20 14:00:15.157669 UTC, tlRate = 60000, tlData = CaptureData {cWindows = [WindowData {wActive = False, wHidden = False, wTitle = "stats-main.hs (~/darcs/arbtt/src) - GVIM", wProgram = "gvim", wDesktop = ""},WindowData {wActive = False, wHidden = False, wTitle = "`ghci' mrtrac@curie:~ ", wProgram = "urxvt", wDesktop = ""},WindowData {wActive = False, wHidden = False, wTitle = "`irssi' mrtrac@curie:~ ", wProgram = "urxvt", wDesktop = ""},WindowData {wActive = True, wHidden = False, wTitle = "mrtrac@curie:~/darcs/arbtt ", wProgram = "urxvt", wDesktop = ""},WindowData {wActive = False, wHidden = False, wTitle = "`mutt' mrtrac@curie:~ ", wProgram = "urxvt", wDesktop = ""},WindowData {wActive = False, wHidden = False, wTitle = "HackageDB: network-bytestring-0.1.2.1 - Vimperator", wProgram = "Navigator", wDesktop = ""}], cLastActivity = 557, cDesktop = ""}}
TimeLogEntry {tlTime = 2010-03-20 14:01:15.220521 UTC, tlRate = 60000, tlData = CaptureData {cWindows = [WindowData {wActive = False, wHidden = False, wTitle = "stats-main.hs (~/darcs/arbtt/src) - GVIM", wProgram = "gvim", wDesktop = ""},WindowData {wActive = False, wHidden = False, wTitle = "`ghci' mrtrac@curie:~ ", wProgram = "urxvt", wDesktop = ""},WindowData {wActive = False, wHidden = False, wTitle = "`irssi' mrtrac@curie:~ ", wProgram = "urxvt", wDesktop = ""},WindowData {wActive = True, wHidden = False, wTitle = "mrtrac@curie:~/darcs/arbtt ", wProgram = "urxvt", wDesktop = ""},WindowData {wActive = False, wHidden = False, wTitle = "`mutt' mrtrac@curie:~ ", wProgram = "urxvt", wDesktop = ""},WindowData {wActive = False, wHidden = False, wTitle = "HackageDB: network-bytestring-0.1.2.1 - Vimperator", wProgram = "Navigator", wDesktop = ""}], cLastActivity = 58004, cDesktop = ""}}
