Total time per tag
==================
_______Tag_|___Time_|_Percentage_
d2_visible |  2m00s |     100.00
d3_visible |  2m00s |     100.00
